[env_setup] cifar100 ready (python=Python 3.11.15)
==> Fri Jul  3 23:40:40 CEST 2026 job=48445735 node=lrdn3112.leonardo.local
index, uuid, name, memory.total [MiB], driver_version
0, GPU-a8d1324f-f403-0f0b-51b0-34aadaecb422, NVIDIA A100-SXM-64GB, 65536 MiB, 535.274.02
cifar100/train.pt: exists images=(50000, 32, 32, 3) labels=(50000,)
mean [0.507075, 0.486549, 0.440918]
std [0.267334, 0.256438, 0.27615]
===== seed=890000 pair_index=1 order=A label=baseline epochs=14 target=0.70 validation_source=train_dev =====
config model=simple_resnet_muon runs=1 epochs=14.0 batch=1024 target=0.7 validation_source=train_dev compile=1 compile_mode=default label_smoothing=0.05 cutout_size=0 lr_schedule=cosine onecycle_pct_up=0.3 onecycle_div_factor=10.0 no_tta=1
---------------------------------------------------------------------------------
|  run     |  epoch  |  train_acc  |  val_acc  |  target_hit   |  time_seconds  |
---------------------------------------------------------------------------------
|  warmup  |   eval  |     0.2627  |    skipped  |      skipped  |      46.8628  |
|       1  |   eval  |     0.9084  |     0.6898  |       0.0000  |      20.7028  |
Mean val accuracy after 1 runs: 0.689800 | Mean time: 20.702758s
Val accuracies: Mean: 0.689800    Std: 0.000000    Min: 0.689800    Max: 0.689800
Times (s):      Mean: 20.702757    Std: 0.000000    Min: 20.702757    Max: 20.702757
Target 0.7000 hit count: 0/1
===== seed=890000 pair_index=1 order=B label=candidate epochs=14 target=0.70 validation_source=train_dev =====
config model=simple_resnet_muon runs=1 epochs=13.0 batch=1024 target=0.7 validation_source=train_dev compile=1 compile_mode=default label_smoothing=0.05 cutout_size=0 lr_schedule=onecycle onecycle_pct_up=0.3 onecycle_div_factor=10.0 no_tta=1
---------------------------------------------------------------------------------
|  run     |  epoch  |  train_acc  |  val_acc  |  target_hit   |  time_seconds  |
---------------------------------------------------------------------------------
|  warmup  |   eval  |     0.2278  |    skipped  |      skipped  |      11.6837  |
|       1  |   eval  |     0.8955  |     0.7048  |       1.0000  |      19.0409  |
Mean val accuracy after 1 runs: 0.704800 | Mean time: 19.040873s
Val accuracies: Mean: 0.704800    Std: 0.000000    Min: 0.704800    Max: 0.704800
Times (s):      Mean: 19.040873    Std: 0.000000    Min: 19.040873    Max: 19.040873
Target 0.7000 hit count: 1/1
===== seed=890001 pair_index=2 order=A label=candidate epochs=14 target=0.70 validation_source=train_dev =====
config model=simple_resnet_muon runs=1 epochs=13.0 batch=1024 target=0.7 validation_source=train_dev compile=1 compile_mode=default label_smoothing=0.05 cutout_size=0 lr_schedule=onecycle onecycle_pct_up=0.3 onecycle_div_factor=10.0 no_tta=1
---------------------------------------------------------------------------------
|  run     |  epoch  |  train_acc  |  val_acc  |  target_hit   |  time_seconds  |
---------------------------------------------------------------------------------
|  warmup  |   eval  |     0.2326  |    skipped  |      skipped  |      11.1688  |
|       1  |   eval  |     0.8967  |     0.7046  |       1.0000  |      18.8731  |
Mean val accuracy after 1 runs: 0.704600 | Mean time: 18.873139s
Val accuracies: Mean: 0.704600    Std: 0.000000    Min: 0.704600    Max: 0.704600
Times (s):      Mean: 18.873138    Std: 0.000000    Min: 18.873138    Max: 18.873138
Target 0.7000 hit count: 1/1
===== seed=890001 pair_index=2 order=B label=baseline epochs=14 target=0.70 validation_source=train_dev =====
config model=simple_resnet_muon runs=1 epochs=14.0 batch=1024 target=0.7 validation_source=train_dev compile=1 compile_mode=default label_smoothing=0.05 cutout_size=0 lr_schedule=cosine onecycle_pct_up=0.3 onecycle_div_factor=10.0 no_tta=1
---------------------------------------------------------------------------------
|  run     |  epoch  |  train_acc  |  val_acc  |  target_hit   |  time_seconds  |
---------------------------------------------------------------------------------
|  warmup  |   eval  |     0.2435  |    skipped  |      skipped  |      11.1201  |
|       1  |   eval  |     0.9081  |     0.6980  |       0.0000  |      20.2824  |
Mean val accuracy after 1 runs: 0.698000 | Mean time: 20.282395s
Val accuracies: Mean: 0.698000    Std: 0.000000    Min: 0.698000    Max: 0.698000
Times (s):      Mean: 20.282394    Std: 0.000000    Min: 20.282394    Max: 20.282394
Target 0.7000 hit count: 0/1
===== seed=890002 pair_index=3 order=A label=baseline epochs=14 target=0.70 validation_source=train_dev =====
config model=simple_resnet_muon runs=1 epochs=14.0 batch=1024 target=0.7 validation_source=train_dev compile=1 compile_mode=default label_smoothing=0.05 cutout_size=0 lr_schedule=cosine onecycle_pct_up=0.3 onecycle_div_factor=10.0 no_tta=1
---------------------------------------------------------------------------------
|  run     |  epoch  |  train_acc  |  val_acc  |  target_hit   |  time_seconds  |
---------------------------------------------------------------------------------
|  warmup  |   eval  |     0.2637  |    skipped  |      skipped  |      11.1051  |
|       1  |   eval  |     0.9114  |     0.7016  |       1.0000  |      20.3418  |
Mean val accuracy after 1 runs: 0.701600 | Mean time: 20.341795s
Val accuracies: Mean: 0.701600    Std: 0.000000    Min: 0.701600    Max: 0.701600
Times (s):      Mean: 20.341795    Std: 0.000000    Min: 20.341795    Max: 20.341795
Target 0.7000 hit count: 1/1
===== seed=890002 pair_index=3 order=B label=candidate epochs=14 target=0.70 validation_source=train_dev =====
config model=simple_resnet_muon runs=1 epochs=13.0 batch=1024 target=0.7 validation_source=train_dev compile=1 compile_mode=default label_smoothing=0.05 cutout_size=0 lr_schedule=onecycle onecycle_pct_up=0.3 onecycle_div_factor=10.0 no_tta=1
---------------------------------------------------------------------------------
|  run     |  epoch  |  train_acc  |  val_acc  |  target_hit   |  time_seconds  |
---------------------------------------------------------------------------------
|  warmup  |   eval  |     0.2260  |    skipped  |      skipped  |      11.0854  |
|       1  |   eval  |     0.8920  |     0.6948  |       0.0000  |      19.0474  |
Mean val accuracy after 1 runs: 0.694800 | Mean time: 19.047441s
Val accuracies: Mean: 0.694800    Std: 0.000000    Min: 0.694800    Max: 0.694800
Times (s):      Mean: 19.047441    Std: 0.000000    Min: 19.047441    Max: 19.047441
Target 0.7000 hit count: 0/1
{
  "candidate_env": "C100_EPOCHS=13 C100_LR_SCHEDULE=onecycle C100_ONECYCLE_PCT_UP=0.30 C100_ONECYCLE_DIV_FACTOR=10.0",
  "counterbalance": "per-seed alternating AB/BA; pilot-grade, with one trainer invocation per method per seed",
  "mean_time_delta": -1.4551647135416654,
  "mean_time_ratio": 0.92887147519293,
  "mean_val_acc_delta": 0.004933333333333345,
  "order_file": "paired_order.csv",
  "paired_seeds": 3,
  "pairs": [
    {
      "baseline_time": 20.7027578125,
      "baseline_val_acc": 0.6898,
      "candidate_time": 19.040873046875,
      "candidate_val_acc": 0.7048,
      "order": "baseline/candidate",
      "seed": 890000,
      "time_ratio": 0.9197264064683411,
      "val_acc_delta": 0.015000000000000013
    },
    {
      "baseline_time": 20.28239453125,
      "baseline_val_acc": 0.698,
      "candidate_time": 18.873138671875,
      "candidate_val_acc": 0.7046,
      "order": "candidate/baseline",
      "seed": 890001,
      "time_ratio": 0.930518270059105,
      "val_acc_delta": 0.00660000000000005
    },
    {
      "baseline_time": 20.341794921875,
      "baseline_val_acc": 0.7016,
      "candidate_time": 19.04744140625,
      "candidate_val_acc": 0.6948,
      "order": "baseline/candidate",
      "seed": 890002,
      "time_ratio": 0.9363697490513442,
      "val_acc_delta": -0.006800000000000028
    }
  ],
  "record_mode": false,
  "validation_source": "train_dev"
}
