[env_setup] cifar100 ready (python=Python 3.11.15)
==> Fri Jul  3 23:40:41 CEST 2026 job=48445734 node=lrdn1557.leonardo.local
index, uuid, name, memory.total [MiB], driver_version
0, GPU-f732ce40-0c44-8bf3-783a-919e0d4ffd16, NVIDIA A100-SXM-64GB, 65536 MiB, 535.274.02
cifar100/train.pt: exists images=(50000, 32, 32, 3) labels=(50000,)
mean [0.507075, 0.486549, 0.440918]
std [0.267334, 0.256438, 0.27615]
===== seed=890000 pair_index=1 order=A label=baseline epochs=14 target=0.70 validation_source=train_dev =====
config model=simple_resnet_muon runs=1 epochs=14.0 batch=1024 target=0.7 validation_source=train_dev compile=1 compile_mode=default label_smoothing=0.05 cutout_size=0 lr_schedule=cosine onecycle_pct_up=0.3 onecycle_div_factor=10.0 no_tta=1
---------------------------------------------------------------------------------
|  run     |  epoch  |  train_acc  |  val_acc  |  target_hit   |  time_seconds  |
---------------------------------------------------------------------------------
|  warmup  |   eval  |     0.2627  |    skipped  |      skipped  |      46.8253  |
|       1  |   eval  |     0.9084  |     0.6898  |       0.0000  |      20.2222  |
Mean val accuracy after 1 runs: 0.689800 | Mean time: 20.222201s
Val accuracies: Mean: 0.689800    Std: 0.000000    Min: 0.689800    Max: 0.689800
Times (s):      Mean: 20.222200    Std: 0.000000    Min: 20.222200    Max: 20.222200
Target 0.7000 hit count: 0/1
===== seed=890000 pair_index=1 order=B label=candidate epochs=14 target=0.70 validation_source=train_dev =====
config model=simple_resnet_muon runs=1 epochs=13.0 batch=1024 target=0.7 validation_source=train_dev compile=1 compile_mode=default label_smoothing=0.05 cutout_size=0 lr_schedule=onecycle onecycle_pct_up=0.4 onecycle_div_factor=10.0 no_tta=1
---------------------------------------------------------------------------------
|  run     |  epoch  |  train_acc  |  val_acc  |  target_hit   |  time_seconds  |
---------------------------------------------------------------------------------
|  warmup  |   eval  |     0.2105  |    skipped  |      skipped  |      11.2714  |
|       1  |   eval  |     0.8965  |     0.7080  |       1.0000  |      18.8279  |
Mean val accuracy after 1 runs: 0.708000 | Mean time: 18.827945s
Val accuracies: Mean: 0.708000    Std: 0.000000    Min: 0.708000    Max: 0.708000
Times (s):      Mean: 18.827946    Std: 0.000000    Min: 18.827946    Max: 18.827946
Target 0.7000 hit count: 1/1
===== seed=890001 pair_index=2 order=A label=candidate epochs=14 target=0.70 validation_source=train_dev =====
config model=simple_resnet_muon runs=1 epochs=13.0 batch=1024 target=0.7 validation_source=train_dev compile=1 compile_mode=default label_smoothing=0.05 cutout_size=0 lr_schedule=onecycle onecycle_pct_up=0.4 onecycle_div_factor=10.0 no_tta=1
---------------------------------------------------------------------------------
|  run     |  epoch  |  train_acc  |  val_acc  |  target_hit   |  time_seconds  |
---------------------------------------------------------------------------------
|  warmup  |   eval  |     0.2024  |    skipped  |      skipped  |      11.0622  |
|       1  |   eval  |     0.8940  |     0.7076  |       1.0000  |      18.7985  |
Mean val accuracy after 1 runs: 0.707600 | Mean time: 18.798471s
Val accuracies: Mean: 0.707600    Std: 0.000000    Min: 0.707600    Max: 0.707600
Times (s):      Mean: 18.798471    Std: 0.000000    Min: 18.798471    Max: 18.798471
Target 0.7000 hit count: 1/1
===== seed=890001 pair_index=2 order=B label=baseline epochs=14 target=0.70 validation_source=train_dev =====
config model=simple_resnet_muon runs=1 epochs=14.0 batch=1024 target=0.7 validation_source=train_dev compile=1 compile_mode=default label_smoothing=0.05 cutout_size=0 lr_schedule=cosine onecycle_pct_up=0.3 onecycle_div_factor=10.0 no_tta=1
---------------------------------------------------------------------------------
|  run     |  epoch  |  train_acc  |  val_acc  |  target_hit   |  time_seconds  |
---------------------------------------------------------------------------------
|  warmup  |   eval  |     0.2435  |    skipped  |      skipped  |      11.3281  |
|       1  |   eval  |     0.9081  |     0.6980  |       0.0000  |      20.2121  |
Mean val accuracy after 1 runs: 0.698000 | Mean time: 20.212115s
Val accuracies: Mean: 0.698000    Std: 0.000000    Min: 0.698000    Max: 0.698000
Times (s):      Mean: 20.212114    Std: 0.000000    Min: 20.212114    Max: 20.212114
Target 0.7000 hit count: 0/1
===== seed=890002 pair_index=3 order=A label=baseline epochs=14 target=0.70 validation_source=train_dev =====
config model=simple_resnet_muon runs=1 epochs=14.0 batch=1024 target=0.7 validation_source=train_dev compile=1 compile_mode=default label_smoothing=0.05 cutout_size=0 lr_schedule=cosine onecycle_pct_up=0.3 onecycle_div_factor=10.0 no_tta=1
---------------------------------------------------------------------------------
|  run     |  epoch  |  train_acc  |  val_acc  |  target_hit   |  time_seconds  |
---------------------------------------------------------------------------------
|  warmup  |   eval  |     0.2653  |    skipped  |      skipped  |      11.6861  |
|       1  |   eval  |     0.9052  |     0.7000  |       1.0000  |      20.2536  |
Mean val accuracy after 1 runs: 0.700000 | Mean time: 20.253570s
Val accuracies: Mean: 0.700000    Std: 0.000000    Min: 0.700000    Max: 0.700000
Times (s):      Mean: 20.253571    Std: 0.000000    Min: 20.253571    Max: 20.253571
Target 0.7000 hit count: 1/1
===== seed=890002 pair_index=3 order=B label=candidate epochs=14 target=0.70 validation_source=train_dev =====
config model=simple_resnet_muon runs=1 epochs=13.0 batch=1024 target=0.7 validation_source=train_dev compile=1 compile_mode=default label_smoothing=0.05 cutout_size=0 lr_schedule=onecycle onecycle_pct_up=0.4 onecycle_div_factor=10.0 no_tta=1
---------------------------------------------------------------------------------
|  run     |  epoch  |  train_acc  |  val_acc  |  target_hit   |  time_seconds  |
---------------------------------------------------------------------------------
|  warmup  |   eval  |     0.2136  |    skipped  |      skipped  |      11.1109  |
|       1  |   eval  |     0.8950  |     0.7106  |       1.0000  |      18.8819  |
Mean val accuracy after 1 runs: 0.710600 | Mean time: 18.881936s
Val accuracies: Mean: 0.710600    Std: 0.000000    Min: 0.710600    Max: 0.710600
Times (s):      Mean: 18.881935    Std: 0.000000    Min: 18.881935    Max: 18.881935
Target 0.7000 hit count: 1/1
{
  "candidate_env": "C100_EPOCHS=13 C100_LR_SCHEDULE=onecycle C100_ONECYCLE_PCT_UP=0.40 C100_ONECYCLE_DIV_FACTOR=10.0",
  "counterbalance": "per-seed alternating AB/BA; pilot-grade, with one trainer invocation per method per seed",
  "mean_time_delta": -1.393178385416667,
  "mean_time_ratio": 0.931129881789488,
  "mean_val_acc_delta": 0.012800000000000034,
  "order_file": "paired_order.csv",
  "paired_seeds": 3,
  "pairs": [
    {
      "baseline_time": 20.222201171875,
      "baseline_val_acc": 0.6898,
      "candidate_time": 18.8279453125,
      "candidate_val_acc": 0.708,
      "order": "baseline/candidate",
      "seed": 890000,
      "time_ratio": 0.9310532099090119,
      "val_acc_delta": 0.018199999999999994
    },
    {
      "baseline_time": 20.212115234375002,
      "baseline_val_acc": 0.698,
      "candidate_time": 18.798470703125002,
      "candidate_val_acc": 0.7076,
      "order": "candidate/baseline",
      "seed": 890001,
      "time_ratio": 0.9300595452352362,
      "val_acc_delta": 0.009600000000000053
    },
    {
      "baseline_time": 20.2535703125,
      "baseline_val_acc": 0.7,
      "candidate_time": 18.881935546875,
      "candidate_val_acc": 0.7106,
      "order": "baseline/candidate",
      "seed": 890002,
      "time_ratio": 0.9322768902242159,
      "val_acc_delta": 0.010600000000000054
    }
  ],
  "record_mode": false,
  "validation_source": "train_dev"
}
==> done Fri Jul  3 23:47:02 CEST 2026
