[env_setup] cifar100 ready (python=Python 3.11.15)
==> Fri Jul  3 23:56:36 CEST 2026 job=48447004 node=lrdn2543.leonardo.local
index, uuid, name, memory.total [MiB], driver_version
0, GPU-eeee75ff-47a5-85e1-36de-88dfa7c035c4, NVIDIA A100-SXM-64GB, 65536 MiB, 535.274.02
cifar100/train.pt: exists images=(50000, 32, 32, 3) labels=(50000,)
mean [0.507075, 0.486549, 0.440918]
std [0.267334, 0.256438, 0.27615]
===== seed=890000 pair_index=1 order=A label=baseline epochs=14 target=0.70 validation_source=train_dev =====
config model=simple_resnet_muon runs=1 epochs=14.0 batch=1024 target=0.7 validation_source=train_dev compile=1 compile_mode=default label_smoothing=0.05 cutout_size=0 lr_schedule=cosine onecycle_pct_up=0.3 onecycle_div_factor=10.0 no_tta=1
---------------------------------------------------------------------------------
|  run     |  epoch  |  train_acc  |  val_acc  |  target_hit   |  time_seconds  |
---------------------------------------------------------------------------------
|  warmup  |   eval  |     0.2661  |    skipped  |      skipped  |      51.7077  |
|       1  |   eval  |     0.9026  |     0.6976  |       0.0000  |      20.2566  |
Mean val accuracy after 1 runs: 0.697600 | Mean time: 20.256635s
Val accuracies: Mean: 0.697600    Std: 0.000000    Min: 0.697600    Max: 0.697600
Times (s):      Mean: 20.256636    Std: 0.000000    Min: 20.256636    Max: 20.256636
Target 0.7000 hit count: 0/1
===== seed=890000 pair_index=1 order=B label=candidate epochs=14 target=0.70 validation_source=train_dev =====
config model=simple_resnet_muon runs=1 epochs=13.0 batch=1024 target=0.7 validation_source=train_dev compile=1 compile_mode=default label_smoothing=0.05 cutout_size=0 lr_schedule=onecycle onecycle_pct_up=0.4 onecycle_div_factor=10.0 no_tta=1
---------------------------------------------------------------------------------
|  run     |  epoch  |  train_acc  |  val_acc  |  target_hit   |  time_seconds  |
---------------------------------------------------------------------------------
|  warmup  |   eval  |     0.2105  |    skipped  |      skipped  |      11.1820  |
|       1  |   eval  |     0.8965  |     0.7080  |       1.0000  |      18.8221  |
Mean val accuracy after 1 runs: 0.708000 | Mean time: 18.822100s
Val accuracies: Mean: 0.708000    Std: 0.000000    Min: 0.708000    Max: 0.708000
Times (s):      Mean: 18.822100    Std: 0.000000    Min: 18.822100    Max: 18.822100
Target 0.7000 hit count: 1/1
===== seed=890001 pair_index=2 order=A label=candidate epochs=14 target=0.70 validation_source=train_dev =====
config model=simple_resnet_muon runs=1 epochs=13.0 batch=1024 target=0.7 validation_source=train_dev compile=1 compile_mode=default label_smoothing=0.05 cutout_size=0 lr_schedule=onecycle onecycle_pct_up=0.4 onecycle_div_factor=10.0 no_tta=1
---------------------------------------------------------------------------------
|  run     |  epoch  |  train_acc  |  val_acc  |  target_hit   |  time_seconds  |
---------------------------------------------------------------------------------
|  warmup  |   eval  |     0.2024  |    skipped  |      skipped  |      11.1712  |
|       1  |   eval  |     0.8940  |     0.7076  |       1.0000  |      18.8594  |
Mean val accuracy after 1 runs: 0.707600 | Mean time: 18.859428s
Val accuracies: Mean: 0.707600    Std: 0.000000    Min: 0.707600    Max: 0.707600
Times (s):      Mean: 18.859428    Std: 0.000000    Min: 18.859428    Max: 18.859428
Target 0.7000 hit count: 1/1
===== seed=890001 pair_index=2 order=B label=baseline epochs=14 target=0.70 validation_source=train_dev =====
config model=simple_resnet_muon runs=1 epochs=14.0 batch=1024 target=0.7 validation_source=train_dev compile=1 compile_mode=default label_smoothing=0.05 cutout_size=0 lr_schedule=cosine onecycle_pct_up=0.3 onecycle_div_factor=10.0 no_tta=1
---------------------------------------------------------------------------------
|  run     |  epoch  |  train_acc  |  val_acc  |  target_hit   |  time_seconds  |
---------------------------------------------------------------------------------
|  warmup  |   eval  |     0.2435  |    skipped  |      skipped  |      11.0687  |
|       1  |   eval  |     0.9081  |     0.6980  |       0.0000  |      20.2840  |
Mean val accuracy after 1 runs: 0.698000 | Mean time: 20.284008s
Val accuracies: Mean: 0.698000    Std: 0.000000    Min: 0.698000    Max: 0.698000
Times (s):      Mean: 20.284008    Std: 0.000000    Min: 20.284008    Max: 20.284008
Target 0.7000 hit count: 0/1
===== seed=890002 pair_index=3 order=A label=baseline epochs=14 target=0.70 validation_source=train_dev =====
config model=simple_resnet_muon runs=1 epochs=14.0 batch=1024 target=0.7 validation_source=train_dev compile=1 compile_mode=default label_smoothing=0.05 cutout_size=0 lr_schedule=cosine onecycle_pct_up=0.3 onecycle_div_factor=10.0 no_tta=1
---------------------------------------------------------------------------------
|  run     |  epoch  |  train_acc  |  val_acc  |  target_hit   |  time_seconds  |
---------------------------------------------------------------------------------
|  warmup  |   eval  |     0.2637  |    skipped  |      skipped  |      11.0711  |
|       1  |   eval  |     0.9114  |     0.7016  |       1.0000  |      20.2663  |
Mean val accuracy after 1 runs: 0.701600 | Mean time: 20.266283s
Val accuracies: Mean: 0.701600    Std: 0.000000    Min: 0.701600    Max: 0.701600
Times (s):      Mean: 20.266283    Std: 0.000000    Min: 20.266283    Max: 20.266283
Target 0.7000 hit count: 1/1
===== seed=890002 pair_index=3 order=B label=candidate epochs=14 target=0.70 validation_source=train_dev =====
config model=simple_resnet_muon runs=1 epochs=13.0 batch=1024 target=0.7 validation_source=train_dev compile=1 compile_mode=default label_smoothing=0.05 cutout_size=0 lr_schedule=onecycle onecycle_pct_up=0.4 onecycle_div_factor=10.0 no_tta=1
---------------------------------------------------------------------------------
|  run     |  epoch  |  train_acc  |  val_acc  |  target_hit   |  time_seconds  |
---------------------------------------------------------------------------------
|  warmup  |   eval  |     0.2136  |    skipped  |      skipped  |      11.0519  |
|       1  |   eval  |     0.8950  |     0.7106  |       1.0000  |      18.8414  |
Mean val accuracy after 1 runs: 0.710600 | Mean time: 18.841375s
Val accuracies: Mean: 0.710600    Std: 0.000000    Min: 0.710600    Max: 0.710600
Times (s):      Mean: 18.841375    Std: 0.000000    Min: 18.841375    Max: 18.841375
Target 0.7000 hit count: 1/1
===== seed=890003 pair_index=4 order=A label=candidate epochs=14 target=0.70 validation_source=train_dev =====
config model=simple_resnet_muon runs=1 epochs=13.0 batch=1024 target=0.7 validation_source=train_dev compile=1 compile_mode=default label_smoothing=0.05 cutout_size=0 lr_schedule=onecycle onecycle_pct_up=0.4 onecycle_div_factor=10.0 no_tta=1
---------------------------------------------------------------------------------
|  run     |  epoch  |  train_acc  |  val_acc  |  target_hit   |  time_seconds  |
---------------------------------------------------------------------------------
|  warmup  |   eval  |     0.1966  |    skipped  |      skipped  |      11.1326  |
|       1  |   eval  |     0.8919  |     0.7100  |       1.0000  |      18.8339  |
Mean val accuracy after 1 runs: 0.710000 | Mean time: 18.833916s
Val accuracies: Mean: 0.710000    Std: 0.000000    Min: 0.710000    Max: 0.710000
Times (s):      Mean: 18.833916    Std: 0.000000    Min: 18.833916    Max: 18.833916
Target 0.7000 hit count: 1/1
===== seed=890003 pair_index=4 order=B label=baseline epochs=14 target=0.70 validation_source=train_dev =====
config model=simple_resnet_muon runs=1 epochs=14.0 batch=1024 target=0.7 validation_source=train_dev compile=1 compile_mode=default label_smoothing=0.05 cutout_size=0 lr_schedule=cosine onecycle_pct_up=0.3 onecycle_div_factor=10.0 no_tta=1
---------------------------------------------------------------------------------
|  run     |  epoch  |  train_acc  |  val_acc  |  target_hit   |  time_seconds  |
---------------------------------------------------------------------------------
|  warmup  |   eval  |     0.2491  |    skipped  |      skipped  |      11.1290  |
|       1  |   eval  |     0.9079  |     0.6978  |       0.0000  |      20.2823  |
Mean val accuracy after 1 runs: 0.697800 | Mean time: 20.282291s
Val accuracies: Mean: 0.697800    Std: 0.000000    Min: 0.697800    Max: 0.697800
Times (s):      Mean: 20.282291    Std: 0.000000    Min: 20.282291    Max: 20.282291
Target 0.7000 hit count: 0/1
===== seed=890004 pair_index=5 order=A label=baseline epochs=14 target=0.70 validation_source=train_dev =====
config model=simple_resnet_muon runs=1 epochs=14.0 batch=1024 target=0.7 validation_source=train_dev compile=1 compile_mode=default label_smoothing=0.05 cutout_size=0 lr_schedule=cosine onecycle_pct_up=0.3 onecycle_div_factor=10.0 no_tta=1
---------------------------------------------------------------------------------
|  run     |  epoch  |  train_acc  |  val_acc  |  target_hit   |  time_seconds  |
---------------------------------------------------------------------------------
|  warmup  |   eval  |     0.2603  |    skipped  |      skipped  |      11.0424  |
|       1  |   eval  |     0.9075  |     0.6972  |       0.0000  |      20.2919  |
Mean val accuracy after 1 runs: 0.697200 | Mean time: 20.291859s
Val accuracies: Mean: 0.697200    Std: 0.000000    Min: 0.697200    Max: 0.697200
Times (s):      Mean: 20.291859    Std: 0.000000    Min: 20.291859    Max: 20.291859
Target 0.7000 hit count: 0/1
===== seed=890004 pair_index=5 order=B label=candidate epochs=14 target=0.70 validation_source=train_dev =====
config model=simple_resnet_muon runs=1 epochs=13.0 batch=1024 target=0.7 validation_source=train_dev compile=1 compile_mode=default label_smoothing=0.05 cutout_size=0 lr_schedule=onecycle onecycle_pct_up=0.4 onecycle_div_factor=10.0 no_tta=1
---------------------------------------------------------------------------------
|  run     |  epoch  |  train_acc  |  val_acc  |  target_hit   |  time_seconds  |
---------------------------------------------------------------------------------
|  warmup  |   eval  |     0.2083  |    skipped  |      skipped  |      11.1373  |
|       1  |   eval  |     0.8940  |     0.7018  |       1.0000  |      18.8487  |
Mean val accuracy after 1 runs: 0.701800 | Mean time: 18.848658s
Val accuracies: Mean: 0.701800    Std: 0.000000    Min: 0.701800    Max: 0.701800
Times (s):      Mean: 18.848658    Std: 0.000000    Min: 18.848658    Max: 18.848658
Target 0.7000 hit count: 1/1
===== seed=890005 pair_index=6 order=A label=candidate epochs=14 target=0.70 validation_source=train_dev =====
config model=simple_resnet_muon runs=1 epochs=13.0 batch=1024 target=0.7 validation_source=train_dev compile=1 compile_mode=default label_smoothing=0.05 cutout_size=0 lr_schedule=onecycle onecycle_pct_up=0.4 onecycle_div_factor=10.0 no_tta=1
---------------------------------------------------------------------------------
|  run     |  epoch  |  train_acc  |  val_acc  |  target_hit   |  time_seconds  |
---------------------------------------------------------------------------------
|  warmup  |   eval  |     0.2227  |    skipped  |      skipped  |      11.0159  |
|       1  |   eval  |     0.9024  |     0.7038  |       1.0000  |      18.9448  |
Mean val accuracy after 1 runs: 0.703800 | Mean time: 18.944752s
Val accuracies: Mean: 0.703800    Std: 0.000000    Min: 0.703800    Max: 0.703800
Times (s):      Mean: 18.944752    Std: 0.000000    Min: 18.944752    Max: 18.944752
Target 0.7000 hit count: 1/1
===== seed=890005 pair_index=6 order=B label=baseline epochs=14 target=0.70 validation_source=train_dev =====
config model=simple_resnet_muon runs=1 epochs=14.0 batch=1024 target=0.7 validation_source=train_dev compile=1 compile_mode=default label_smoothing=0.05 cutout_size=0 lr_schedule=cosine onecycle_pct_up=0.3 onecycle_div_factor=10.0 no_tta=1
---------------------------------------------------------------------------------
|  run     |  epoch  |  train_acc  |  val_acc  |  target_hit   |  time_seconds  |
---------------------------------------------------------------------------------
|  warmup  |   eval  |     0.2700  |    skipped  |      skipped  |      11.0997  |
|       1  |   eval  |     0.9050  |     0.6914  |       0.0000  |      20.2555  |
Mean val accuracy after 1 runs: 0.691400 | Mean time: 20.255529s
Val accuracies: Mean: 0.691400    Std: 0.000000    Min: 0.691400    Max: 0.691400
Times (s):      Mean: 20.255529    Std: 0.000000    Min: 20.255529    Max: 20.255529
Target 0.7000 hit count: 0/1
===== seed=890006 pair_index=7 order=A label=baseline epochs=14 target=0.70 validation_source=train_dev =====
config model=simple_resnet_muon runs=1 epochs=14.0 batch=1024 target=0.7 validation_source=train_dev compile=1 compile_mode=default label_smoothing=0.05 cutout_size=0 lr_schedule=cosine onecycle_pct_up=0.3 onecycle_div_factor=10.0 no_tta=1
---------------------------------------------------------------------------------
|  run     |  epoch  |  train_acc  |  val_acc  |  target_hit   |  time_seconds  |
---------------------------------------------------------------------------------
|  warmup  |   eval  |     0.2678  |    skipped  |      skipped  |      11.0051  |
|       1  |   eval  |     0.9087  |     0.6890  |       0.0000  |      20.2577  |
Mean val accuracy after 1 runs: 0.689000 | Mean time: 20.257672s
Val accuracies: Mean: 0.689000    Std: 0.000000    Min: 0.689000    Max: 0.689000
Times (s):      Mean: 20.257671    Std: 0.000000    Min: 20.257671    Max: 20.257671
Target 0.7000 hit count: 0/1
===== seed=890006 pair_index=7 order=B label=candidate epochs=14 target=0.70 validation_source=train_dev =====
config model=simple_resnet_muon runs=1 epochs=13.0 batch=1024 target=0.7 validation_source=train_dev compile=1 compile_mode=default label_smoothing=0.05 cutout_size=0 lr_schedule=onecycle onecycle_pct_up=0.4 onecycle_div_factor=10.0 no_tta=1
---------------------------------------------------------------------------------
|  run     |  epoch  |  train_acc  |  val_acc  |  target_hit   |  time_seconds  |
---------------------------------------------------------------------------------
|  warmup  |   eval  |     0.1895  |    skipped  |      skipped  |      11.0014  |
|       1  |   eval  |     0.8960  |     0.7006  |       1.0000  |      18.8449  |
Mean val accuracy after 1 runs: 0.700600 | Mean time: 18.844918s
Val accuracies: Mean: 0.700600    Std: 0.000000    Min: 0.700600    Max: 0.700600
Times (s):      Mean: 18.844917    Std: 0.000000    Min: 18.844917    Max: 18.844917
Target 0.7000 hit count: 1/1
===== seed=890007 pair_index=8 order=A label=candidate epochs=14 target=0.70 validation_source=train_dev =====
config model=simple_resnet_muon runs=1 epochs=13.0 batch=1024 target=0.7 validation_source=train_dev compile=1 compile_mode=default label_smoothing=0.05 cutout_size=0 lr_schedule=onecycle onecycle_pct_up=0.4 onecycle_div_factor=10.0 no_tta=1
---------------------------------------------------------------------------------
|  run     |  epoch  |  train_acc  |  val_acc  |  target_hit   |  time_seconds  |
---------------------------------------------------------------------------------
|  warmup  |   eval  |     0.2061  |    skipped  |      skipped  |      11.0037  |
|       1  |   eval  |     0.8953  |     0.7038  |       1.0000  |      18.8716  |
Mean val accuracy after 1 runs: 0.703800 | Mean time: 18.871611s
Val accuracies: Mean: 0.703800    Std: 0.000000    Min: 0.703800    Max: 0.703800
Times (s):      Mean: 18.871611    Std: 0.000000    Min: 18.871611    Max: 18.871611
Target 0.7000 hit count: 1/1
===== seed=890007 pair_index=8 order=B label=baseline epochs=14 target=0.70 validation_source=train_dev =====
config model=simple_resnet_muon runs=1 epochs=14.0 batch=1024 target=0.7 validation_source=train_dev compile=1 compile_mode=default label_smoothing=0.05 cutout_size=0 lr_schedule=cosine onecycle_pct_up=0.3 onecycle_div_factor=10.0 no_tta=1
---------------------------------------------------------------------------------
|  run     |  epoch  |  train_acc  |  val_acc  |  target_hit   |  time_seconds  |
---------------------------------------------------------------------------------
|  warmup  |   eval  |     0.2573  |    skipped  |      skipped  |      10.9494  |
|       1  |   eval  |     0.9053  |     0.6910  |       0.0000  |      20.3297  |
Mean val accuracy after 1 runs: 0.691000 | Mean time: 20.329654s
Val accuracies: Mean: 0.691000    Std: 0.000000    Min: 0.691000    Max: 0.691000
Times (s):      Mean: 20.329655    Std: 0.000000    Min: 20.329655    Max: 20.329655
Target 0.7000 hit count: 0/1
===== seed=890008 pair_index=9 order=A label=baseline epochs=14 target=0.70 validation_source=train_dev =====
config model=simple_resnet_muon runs=1 epochs=14.0 batch=1024 target=0.7 validation_source=train_dev compile=1 compile_mode=default label_smoothing=0.05 cutout_size=0 lr_schedule=cosine onecycle_pct_up=0.3 onecycle_div_factor=10.0 no_tta=1
---------------------------------------------------------------------------------
|  run     |  epoch  |  train_acc  |  val_acc  |  target_hit   |  time_seconds  |
---------------------------------------------------------------------------------
|  warmup  |   eval  |     0.2439  |    skipped  |      skipped  |      11.0301  |
|       1  |   eval  |     0.9041  |     0.6976  |       0.0000  |      20.2539  |
Mean val accuracy after 1 runs: 0.697600 | Mean time: 20.253854s
Val accuracies: Mean: 0.697600    Std: 0.000000    Min: 0.697600    Max: 0.697600
Times (s):      Mean: 20.253853    Std: 0.000000    Min: 20.253853    Max: 20.253853
Target 0.7000 hit count: 0/1
===== seed=890008 pair_index=9 order=B label=candidate epochs=14 target=0.70 validation_source=train_dev =====
config model=simple_resnet_muon runs=1 epochs=13.0 batch=1024 target=0.7 validation_source=train_dev compile=1 compile_mode=default label_smoothing=0.05 cutout_size=0 lr_schedule=onecycle onecycle_pct_up=0.4 onecycle_div_factor=10.0 no_tta=1
---------------------------------------------------------------------------------
|  run     |  epoch  |  train_acc  |  val_acc  |  target_hit   |  time_seconds  |
---------------------------------------------------------------------------------
|  warmup  |   eval  |     0.2175  |    skipped  |      skipped  |      11.0382  |
|       1  |   eval  |     0.8938  |     0.7118  |       1.0000  |      18.8361  |
Mean val accuracy after 1 runs: 0.711800 | Mean time: 18.836139s
Val accuracies: Mean: 0.711800    Std: 0.000000    Min: 0.711800    Max: 0.711800
Times (s):      Mean: 18.836138    Std: 0.000000    Min: 18.836138    Max: 18.836138
Target 0.7000 hit count: 1/1
===== seed=890009 pair_index=10 order=A label=candidate epochs=14 target=0.70 validation_source=train_dev =====
config model=simple_resnet_muon runs=1 epochs=13.0 batch=1024 target=0.7 validation_source=train_dev compile=1 compile_mode=default label_smoothing=0.05 cutout_size=0 lr_schedule=onecycle onecycle_pct_up=0.4 onecycle_div_factor=10.0 no_tta=1
---------------------------------------------------------------------------------
|  run     |  epoch  |  train_acc  |  val_acc  |  target_hit   |  time_seconds  |
---------------------------------------------------------------------------------
|  warmup  |   eval  |     0.2091  |    skipped  |      skipped  |      11.0526  |
|       1  |   eval  |     0.8984  |     0.7070  |       1.0000  |      18.7873  |
Mean val accuracy after 1 runs: 0.707000 | Mean time: 18.787277s
Val accuracies: Mean: 0.707000    Std: 0.000000    Min: 0.707000    Max: 0.707000
Times (s):      Mean: 18.787277    Std: 0.000000    Min: 18.787277    Max: 18.787277
Target 0.7000 hit count: 1/1
===== seed=890009 pair_index=10 order=B label=baseline epochs=14 target=0.70 validation_source=train_dev =====
config model=simple_resnet_muon runs=1 epochs=14.0 batch=1024 target=0.7 validation_source=train_dev compile=1 compile_mode=default label_smoothing=0.05 cutout_size=0 lr_schedule=cosine onecycle_pct_up=0.3 onecycle_div_factor=10.0 no_tta=1
---------------------------------------------------------------------------------
|  run     |  epoch  |  train_acc  |  val_acc  |  target_hit   |  time_seconds  |
---------------------------------------------------------------------------------
|  warmup  |   eval  |     0.2452  |    skipped  |      skipped  |      10.9976  |
|       1  |   eval  |     0.9070  |     0.6952  |       0.0000  |      20.3180  |
Mean val accuracy after 1 runs: 0.695200 | Mean time: 20.317963s
Val accuracies: Mean: 0.695200    Std: 0.000000    Min: 0.695200    Max: 0.695200
Times (s):      Mean: 20.317963    Std: 0.000000    Min: 20.317963    Max: 20.317963
Target 0.7000 hit count: 0/1
{
  "candidate_env": "C100_EPOCHS=13 C100_LR_SCHEDULE=onecycle C100_ONECYCLE_PCT_UP=0.40 C100_ONECYCLE_DIV_FACTOR=10.0",
  "counterbalance": "per-seed alternating AB/BA; pilot-grade, with one trainer invocation per method per seed",
  "mean_time_delta": -1.430557421875,
  "mean_time_ratio": 0.9294602837659497,
  "mean_val_acc_delta": 0.010859999999999991,
  "order_file": "paired_order.csv",
  "paired_seeds": 10,
  "pairs": [
    {
      "baseline_time": 20.256634765625,
      "baseline_val_acc": 0.6976,
      "candidate_time": 18.822099609375,
      "candidate_val_acc": 0.708,
      "order": "baseline/candidate",
      "seed": 890000,
      "time_ratio": 0.9291819607329659,
      "val_acc_delta": 0.010399999999999965
    },
    {
      "baseline_time": 20.2840078125,
      "baseline_val_acc": 0.698,
      "candidate_time": 18.859427734375,
      "candidate_val_acc": 0.7076,
      "order": "candidate/baseline",
      "seed": 890001,
      "time_ratio": 0.9297683134766344,
      "val_acc_delta": 0.009600000000000053
    },
    {
      "baseline_time": 20.266283203125,
      "baseline_val_acc": 0.7016,
      "candidate_time": 18.841375,
      "candidate_val_acc": 0.7106,
      "order": "baseline/candidate",
      "seed": 890002,
      "time_ratio": 0.9296906991359283,
      "val_acc_delta": 0.009000000000000008
    },
    {
      "baseline_time": 20.282291015625,
      "baseline_val_acc": 0.6978,
      "candidate_time": 18.833916015625,
      "candidate_val_acc": 0.71,
      "order": "candidate/baseline",
      "seed": 890003,
      "time_ratio": 0.9285891816223224,
      "val_acc_delta": 0.012199999999999989
    },
    {
      "baseline_time": 20.291859375,
      "baseline_val_acc": 0.6972,
      "candidate_time": 18.848658203125,
      "candidate_val_acc": 0.7018,
      "order": "baseline/candidate",
      "seed": 890004,
      "time_ratio": 0.9288778250822567,
      "val_acc_delta": 0.0045999999999999375
    },
    {
      "baseline_time": 20.255529296875,
      "baseline_val_acc": 0.6914,
      "candidate_time": 18.944751953125,
      "candidate_val_acc": 0.7038,
      "order": "candidate/baseline",
      "seed": 890005,
      "time_ratio": 0.9352879243717306,
      "val_acc_delta": 0.012399999999999967
    },
    {
      "baseline_time": 20.257671875,
      "baseline_val_acc": 0.689,
      "candidate_time": 18.84491796875,
      "candidate_val_acc": 0.7006,
      "order": "baseline/candidate",
      "seed": 890006,
      "time_ratio": 0.9302607962569737,
      "val_acc_delta": 0.011600000000000055
    },
    {
      "baseline_time": 20.329654296875,
      "baseline_val_acc": 0.691,
      "candidate_time": 18.871611328125,
      "candidate_val_acc": 0.7038,
      "order": "candidate/baseline",
      "seed": 890007,
      "time_ratio": 0.9282799920029076,
      "val_acc_delta": 0.012800000000000034
    },
    {
      "baseline_time": 20.253853515625,
      "baseline_val_acc": 0.6976,
      "candidate_time": 18.836138671875002,
      "candidate_val_acc": 0.7118,
      "order": "baseline/candidate",
      "seed": 890008,
      "time_ratio": 0.9300027107110116,
      "val_acc_delta": 0.01419999999999999
    },
    {
      "baseline_time": 20.317962890625,
      "baseline_val_acc": 0.6952,
      "candidate_time": 18.78727734375,
      "candidate_val_acc": 0.707,
      "order": "candidate/baseline",
      "seed": 890009,
      "time_ratio": 0.9246634342667649,
      "val_acc_delta": 0.011799999999999922
    }
  ],
  "record_mode": false,
  "validation_source": "train_dev"
}
==> done Sat Jul  4 00:12:23 CEST 2026
